Archive member included to satisfy reference by file (symbol)

c:/program files (x86)/atmel/studio/7.0/toolchain/avr8/avr8-gnu-toolchain/bin/../lib/gcc/avr/5.4.0/avrxmega6\libgcc.a(_divmodhi4.o)
                              src/main.o (__divmodhi4)
c:/program files (x86)/atmel/studio/7.0/toolchain/avr8/avr8-gnu-toolchain/bin/../lib/gcc/avr/5.4.0/avrxmega6\libgcc.a(_udivmodsi4.o)
                              src/ASF/xmega/drivers/usart/usart.o (__udivmodsi4)
c:/program files (x86)/atmel/studio/7.0/toolchain/avr8/avr8-gnu-toolchain/bin/../lib/gcc/avr/5.4.0/avrxmega6\libgcc.a(_exit.o)
                              C:/Program Files (x86)/Atmel/Studio/7.0/Packs/atmel/XMEGAA_DFP/1.2.141/gcc/dev/atxmega256a3bu/avrxmega6/crtatxmega256a3bu.o (exit)
c:/program files (x86)/atmel/studio/7.0/toolchain/avr8/avr8-gnu-toolchain/bin/../lib/gcc/avr/5.4.0/avrxmega6\libgcc.a(_copy_data.o)
                              src/ASF/common/services/gfx_mono/gfx_mono_menu.o (__do_copy_data)
c:/program files (x86)/atmel/studio/7.0/toolchain/avr8/avr8-gnu-toolchain/bin/../lib/gcc/avr/5.4.0/avrxmega6\libgcc.a(_clear_bss.o)
                              src/ASF/common/services/gfx_mono/gfx_mono_c12832_a1z.o (__do_clear_bss)
c:/program files (x86)/atmel/studio/7.0/toolchain/avr8/avr8-gnu-toolchain/bin/../lib/gcc/avr/5.4.0/avrxmega6\libgcc.a(_adddi3_s8.o)
                              src/main.o (__adddi3_s8)
c:/program files (x86)/atmel/studio/7.0/toolchain/avr8/avr8-gnu-toolchain/bin/../lib/gcc/avr/5.4.0/avrxmega6\libgcc.a(_cmpdi2_s8.o)
                              src/main.o (__cmpdi2_s8)
c:/program files (x86)/atmel/studio/7.0/toolchain/avr8/avr8-gnu-toolchain/bin/../lib/gcc/avr/5.4.0/avrxmega6\libgcc.a(_udivmodhi4.o)
                              c:/program files (x86)/atmel/studio/7.0/toolchain/avr8/avr8-gnu-toolchain/bin/../lib/gcc/avr/5.4.0/avrxmega6\libgcc.a(_divmodhi4.o) (__udivmodhi4)
c:/program files (x86)/atmel/studio/7.0/toolchain/avr8/avr8-gnu-toolchain/bin/../lib/gcc/avr/5.4.0/../../../../avr/lib/avrxmega6\libc.a(memcpy.o)
                              src/ASF/xmega/drivers/nvm/nvm.o (memcpy)
c:/program files (x86)/atmel/studio/7.0/toolchain/avr8/avr8-gnu-toolchain/bin/../lib/gcc/avr/5.4.0/../../../../avr/lib/avrxmega6\libc.a(snprintf.o)
                              src/main.o (snprintf)
c:/program files (x86)/atmel/studio/7.0/toolchain/avr8/avr8-gnu-toolchain/bin/../lib/gcc/avr/5.4.0/../../../../avr/lib/avrxmega6\libc.a(vfprintf_std.o)
                              c:/program files (x86)/atmel/studio/7.0/toolchain/avr8/avr8-gnu-toolchain/bin/../lib/gcc/avr/5.4.0/../../../../avr/lib/avrxmega6\libc.a(snprintf.o) (vfprintf)
c:/program files (x86)/atmel/studio/7.0/toolchain/avr8/avr8-gnu-toolchain/bin/../lib/gcc/avr/5.4.0/../../../../avr/lib/avrxmega6\libc.a(strnlen_P.o)
                              c:/program files (x86)/atmel/studio/7.0/toolchain/avr8/avr8-gnu-toolchain/bin/../lib/gcc/avr/5.4.0/../../../../avr/lib/avrxmega6\libc.a(vfprintf_std.o) (strnlen_P)
c:/program files (x86)/atmel/studio/7.0/toolchain/avr8/avr8-gnu-toolchain/bin/../lib/gcc/avr/5.4.0/../../../../avr/lib/avrxmega6\libc.a(strnlen.o)
                              c:/program files (x86)/atmel/studio/7.0/toolchain/avr8/avr8-gnu-toolchain/bin/../lib/gcc/avr/5.4.0/../../../../avr/lib/avrxmega6\libc.a(vfprintf_std.o) (strnlen)
c:/program files (x86)/atmel/studio/7.0/toolchain/avr8/avr8-gnu-toolchain/bin/../lib/gcc/avr/5.4.0/../../../../avr/lib/avrxmega6\libc.a(fputc.o)
                              c:/program files (x86)/atmel/studio/7.0/toolchain/avr8/avr8-gnu-toolchain/bin/../lib/gcc/avr/5.4.0/../../../../avr/lib/avrxmega6\libc.a(vfprintf_std.o) (fputc)
c:/program files (x86)/atmel/studio/7.0/toolchain/avr8/avr8-gnu-toolchain/bin/../lib/gcc/avr/5.4.0/../../../../avr/lib/avrxmega6\libc.a(ultoa_invert.o)
                              c:/program files (x86)/atmel/studio/7.0/toolchain/avr8/avr8-gnu-toolchain/bin/../lib/gcc/avr/5.4.0/../../../../avr/lib/avrxmega6\libc.a(vfprintf_std.o) (__ultoa_invert)

Discarded input sections

 .data          0x00000000        0x0 C:/Program Files (x86)/Atmel/Studio/7.0/Packs/atmel/XMEGAA_DFP/1.2.141/gcc/dev/atxmega256a3bu/avrxmega6/crtatxmega256a3bu.o
 .bss           0x00000000        0x0 C:/Program Files (x86)/Atmel/Studio/7.0/Packs/atmel/XMEGAA_DFP/1.2.141/gcc/dev/atxmega256a3bu/avrxmega6/crtatxmega256a3bu.o
 .group         0x00000000        0x8 src/ASF/common/components/display/st7565r/st7565r.o
 .group         0x00000000        0x8 src/ASF/common/components/display/st7565r/st7565r.o
 .group         0x00000000        0x8 src/ASF/common/components/display/st7565r/st7565r.o
 .group         0x00000000        0x8 src/ASF/common/components/display/st7565r/st7565r.o
 .group         0x00000000        0x8 src/ASF/common/components/display/st7565r/st7565r.o
 .group         0x00000000        0x8 src/ASF/common/components/display/st7565r/st7565r.o
[...]
Memory Configuration

Name             Origin             Length             Attributes
text             0x00000000         0x00042000         xr
data             0x00802000         0x00004000         rw !x
eeprom           0x00810000         0x00001000         rw !x
fuse             0x00820000         0x00000006         rw !x
lock             0x00830000         0x00000400         rw !x
signature        0x00840000         0x00000400         rw !x
user_signatures  0x00850000         0x00000400         rw !x
*default*        0x00000000         0xffffffff

Linker script and memory map

LOAD C:/Program Files (x86)/Atmel/Studio/7.0/Packs/atmel/XMEGAA_DFP/1.2.141/gcc/dev/atxmega256a3bu/avrxmega6/crtatxmega256a3bu.o
LOAD src/ASF/common/components/display/st7565r/st7565r.o
LOAD src/ASF/common/services/gfx_mono/gfx_mono_c12832_a1z.o
LOAD src/ASF/xmega/drivers/usart/usart.o
LOAD src/ASF/common/services/spi/xmega_usart_spi/usart_spi.o
LOAD src/ASF/common/services/spi/xmega_spi/spi_master.o
LOAD src/ASF/common/services/gfx_mono/gfx_mono_framebuffer.o
LOAD src/ASF/common/services/gfx_mono/gfx_mono_generic.o
LOAD src/ASF/common/services/clock/xmega/sysclk.o
LOAD src/ASF/common/services/gfx_mono/gfx_mono_menu.o
LOAD src/ASF/xmega/drivers/nvm/nvm.o
LOAD src/ASF/xmega/drivers/spi/spi.o
LOAD src/ASF/xmega/drivers/nvm/nvm_asm.o
LOAD src/ASF/xmega/drivers/cpu/ccp.o
LOAD src/ASF/common/services/gfx_mono/gfx_mono_text.o
LOAD src/ASF/common/services/gfx_mono/sysfont.o
LOAD src/ASF/common/services/ioport/xmega/ioport_compat.o
LOAD src/ASF/xmega/boards/xmega_a3bu_xplained/init.o
LOAD src/main.o
START GROUP
LOAD c:/program files (x86)/atmel/studio/7.0/toolchain/avr8/avr8-gnu-toolchain/bin/../lib/gcc/avr/5.4.0/../../../../avr/lib/avrxmega6\libm.a
END GROUP
Address of section .BOOT set to 0x40000
START GROUP
LOAD c:/program files (x86)/atmel/studio/7.0/toolchain/avr8/avr8-gnu-toolchain/bin/../lib/gcc/avr/5.4.0/avrxmega6\libgcc.a
LOAD c:/program files (x86)/atmel/studio/7.0/toolchain/avr8/avr8-gnu-toolchain/bin/../lib/gcc/avr/5.4.0/../../../../avr/lib/avrxmega6\libm.a
LOAD c:/program files (x86)/atmel/studio/7.0/toolchain/avr8/avr8-gnu-toolchain/bin/../lib/gcc/avr/5.4.0/../../../../avr/lib/avrxmega6\libc.a
LOAD C:/Program Files (x86)/Atmel/Studio/7.0/Packs/atmel/XMEGAA_DFP/1.2.141/gcc/dev/atxmega256a3bu/avrxmega6\libatxmega256a3bu.a
END GROUP
                [0x00000000]                __TEXT_REGION_ORIGIN__ = DEFINED (__TEXT_REGION_ORIGIN__)?__TEXT_REGION_ORIGIN__:0x0
                [0x00802000]                __DATA_REGION_ORIGIN__ = DEFINED (__DATA_REGION_ORIGIN__)?__DATA_REGION_ORIGIN__:0x802000
                [0x00042000]                __TEXT_REGION_LENGTH__ = DEFINED (__TEXT_REGION_LENGTH__)?__TEXT_REGION_LENGTH__:0x100000
                [0x00004000]                __DATA_REGION_LENGTH__ = DEFINED (__DATA_REGION_LENGTH__)?__DATA_REGION_LENGTH__:0xffa0
                [0x00001000]                __EEPROM_REGION_LENGTH__ = DEFINED (__EEPROM_REGION_LENGTH__)?__EEPROM_REGION_LENGTH__:0x10000
                [0x00000006]                __FUSE_REGION_LENGTH__ = DEFINED (__FUSE_REGION_LENGTH__)?__FUSE_REGION_LENGTH__:0x400
                0x00000400                __LOCK_REGION_LENGTH__ = DEFINED (__LOCK_REGION_LENGTH__)?__LOCK_REGION_LENGTH__:0x400
                0x00000400                __SIGNATURE_REGION_LENGTH__ = DEFINED (__SIGNATURE_REGION_LENGTH__)?__SIGNATURE_REGION_LENGTH__:0x400
                0x00000400                __USER_SIGNATURE_REGION_LENGTH__ = DEFINED (__USER_SIGNATURE_REGION_LENGTH__)?__USER_SIGNATURE_REGION_LENGTH__:0x400

.hash
 *(.hash)

.dynsym
 *(.dynsym)

.dynstr
 *(.dynstr)

.gnu.version
 *(.gnu.version)

.gnu.version_d
 *(.gnu.version_d)

.gnu.version_r
 *(.gnu.version_r)

.rel.init
 *(.rel.init)

.rela.init
 *(.rela.init)

.rel.text
 *(.rel.text)
 *(.rel.text.*)
 *(.rel.gnu.linkonce.t*)

.rela.text
 *(.rela.text)
 *(.rela.text.*)
 *(.rela.gnu.linkonce.t*)

.rel.fini
 *(.rel.fini)

.rela.fini
 *(.rela.fini)

.rel.rodata
 *(.rel.rodata)
 *(.rel.rodata.*)
 *(.rel.gnu.linkonce.r*)

.rela.rodata
 *(.rela.rodata)
 *(.rela.rodata.*)
 *(.rela.gnu.linkonce.r*)

.rel.data
 *(.rel.data)
 *(.rel.data.*)
 *(.rel.gnu.linkonce.d*)

.rela.data
 *(.rela.data)
 *(.rela.data.*)
 *(.rela.gnu.linkonce.d*)

.rel.ctors
 *(.rel.ctors)

.rela.ctors
 *(.rela.ctors)

.rel.dtors
 *(.rel.dtors)

.rela.dtors
 *(.rela.dtors)

.rel.got
 *(.rel.got)

.rela.got
 *(.rela.got)

.rel.bss
 *(.rel.bss)

.rela.bss
 *(.rela.bss)

.rel.plt
 *(.rel.plt)

.rela.plt
 *(.rela.plt)

.text           0x00000000     0x1c1e
 *(.vectors)
 .vectors       0x00000000      0x1fc C:/Program Files (x86)/Atmel/Studio/7.0/Packs/atmel/XMEGAA_DFP/1.2.141/gcc/dev/atxmega256a3bu/avrxmega6/crtatxmega256a3bu.o
                0x00000000                __vector_default
                0x00000000                __vectors
 *(.vectors)
 *(.progmem.gcc*)
                0x000001fc                . = ALIGN (0x2)
                0x000001fc                __trampolines_start = .
 *(.trampolines)
 .trampolines   0x000001fc        0x0 linker stubs
 *(.trampolines*)
                0x000001fc                __trampolines_end = .
 *libprintf_flt.a:*(.progmem.data)
 *libc.a:*(.progmem.data)
 *(.progmem*)
 .progmem.data.sysfont_glyphs
                0x000001fc      0x292 src/ASF/common/services/gfx_mono/sysfont.o
                0x0000048e                . = ALIGN (0x2)
 *(.jumptables)
 *(.jumptables*)
 *(.lowtext)
 *(.lowtext*)
                0x0000048e                __ctors_start = .
 *(.ctors)
                0x0000048e                __ctors_end = .
                0x0000048e                __dtors_start = .
 *(.dtors)
                0x0000048e                __dtors_end = .
 SORT(*)(.ctors)
 SORT(*)(.dtors)
 *(.init0)
 .init0         0x0000048e        0x0 C:/Program Files (x86)/Atmel/Studio/7.0/Packs/atmel/XMEGAA_DFP/1.2.141/gcc/dev/atxmega256a3bu/avrxmega6/crtatxmega256a3bu.o
                0x0000048e                __init
 *(.init0)
 *(.init1)
 *(.init1)
 *(.init2)
 .init2         0x0000048e       0x10 C:/Program Files (x86)/Atmel/Studio/7.0/Packs/atmel/XMEGAA_DFP/1.2.141/gcc/dev/atxmega256a3bu/avrxmega6/crtatxmega256a3bu.o
 *(.init2)
 *(.init3)
 *(.init3)
 *(.init4)
 .init4         0x0000049e       0x1a c:/program files (x86)/atmel/studio/7.0/toolchain/avr8/avr8-gnu-toolchain/bin/../lib/gcc/avr/5.4.0/avrxmega6\libgcc.a(_copy_data.o)
                0x0000049e                __do_copy_data
 .init4         0x000004b8       0x10 c:/program files (x86)/atmel/studio/7.0/toolchain/avr8/avr8-gnu-toolchain/bin/../lib/gcc/avr/5.4.0/avrxmega6\libgcc.a(_clear_bss.o)
                0x000004b8                __do_clear_bss
 *(.init4)
 *(.init5)
 *(.init5)
 *(.init6)
 *(.init6)
 *(.init7)
 *(.init7)
 *(.init8)
 *(.init8)
 *(.init9)
 .init9         0x000004c8        0x6 C:/Program Files (x86)/Atmel/Studio/7.0/Packs/atmel/XMEGAA_DFP/1.2.141/gcc/dev/atxmega256a3bu/avrxmega6/crtatxmega256a3bu.o
 *(.init9)
 *(.text)
 .text          0x000004ce        0x2 C:/Program Files (x86)/Atmel/Studio/7.0/Packs/atmel/XMEGAA_DFP/1.2.141/gcc/dev/atxmega256a3bu/avrxmega6/crtatxmega256a3bu.o
                0x000004ce                __vector_38
                0x000004ce                __vector_104
                0x000004ce                __vector_22
                0x000004ce                __vector_63
                0x000004ce                __vector_28
                0x000004ce                __vector_67
                0x000004ce                __vector_1
                0x000004ce                __vector_119
                0x000004ce                __vector_32
                0x000004ce                __vector_75
                0x000004ce                __vector_71
                0x000004ce                __vector_91
                0x000004ce                __vector_34
                0x000004ce                __vector_62
                0x000004ce                __vector_77
                0x000004ce                __vector_102
                0x000004ce                __vector_24
                0x000004ce                __vector_12
                0x000004ce                __vector_55
                0x000004ce                __vector_69
                0x000004ce                __vector_81
                0x000004ce                __vector_90
                0x000004ce                __vector_46
                0x000004ce                __bad_interrupt
                0x000004ce                __vector_122
                0x000004ce                __vector_72
                0x000004ce                __vector_114
                0x000004ce                __vector_6
                0x000004ce                __vector_110
                0x000004ce                __vector_31
                0x000004ce                __vector_92
                0x000004ce                __vector_35
                0x000004ce                __vector_78
                0x000004ce                __vector_74
                0x000004ce                __vector_117
                0x000004ce                __vector_39
                0x000004ce                __vector_107
                0x000004ce                __vector_3
                0x000004ce                __vector_105
                0x000004ce                __vector_98
                0x000004ce                __vector_23
                0x000004ce                __vector_68
                0x000004ce                __vector_30
                0x000004ce                __vector_73
                0x000004ce                __vector_45
                0x000004ce                __vector_25
                0x000004ce                __vector_93
                0x000004ce                __vector_61
                0x000004ce                __vector_11
                0x000004ce                __vector_54
                0x000004ce                __vector_99
                0x000004ce                __vector_13
                0x000004ce                __vector_17
                0x000004ce                __vector_19
                0x000004ce                __vector_56
                0x000004ce                __vector_7
                0x000004ce                __vector_125
                0x000004ce                __vector_49
                0x000004ce                __vector_123
                0x000004ce                __vector_41
                0x000004ce                __vector_86
                0x000004ce                __vector_100
                0x000004ce                __vector_101
                0x000004ce                __vector_64
                0x000004ce                __vector_88
                0x000004ce                __vector_109
                0x000004ce                __vector_43
                0x000004ce                __vector_27
                0x000004ce                __vector_5
                0x000004ce                __vector_113
                0x000004ce                __vector_33
                0x000004ce                __vector_76
                0x000004ce                __vector_115
                0x000004ce                __vector_47
                0x000004ce                __vector_52
                0x000004ce                __vector_37
                0x000004ce                __vector_95
                0x000004ce                __vector_103
                0x000004ce                __vector_96
                0x000004ce                __vector_89
                0x000004ce                __vector_108
                0x000004ce                __vector_4
                0x000004ce                __vector_44
                0x000004ce                __vector_82
                0x000004ce                __vector_106
                0x000004ce                __vector_118
                0x000004ce                __vector_51
                0x000004ce                __vector_9
                0x000004ce                __vector_2
                0x000004ce                __vector_21
                0x000004ce                __vector_15
                0x000004ce                __vector_66
                0x000004ce                __vector_36
                0x000004ce                __vector_79
                0x000004ce                __vector_58
                0x000004ce                __vector_70
                0x000004ce                __vector_83
                0x000004ce                __vector_29
                0x000004ce                __vector_60
                0x000004ce                __vector_121
                0x000004ce                __vector_40
                0x000004ce                __vector_85
                0x000004ce                __vector_94
                0x000004ce                __vector_126
                0x000004ce                __vector_8
                0x000004ce                __vector_26
                0x000004ce                __vector_48
                0x000004ce                __vector_124
                0x000004ce                __vector_116
                0x000004ce                __vector_112
                0x000004ce                __vector_111
                0x000004ce                __vector_80
                0x000004ce                __vector_14
                0x000004ce                __vector_84
                0x000004ce                __vector_57
                0x000004ce                __vector_53
                0x000004ce                __vector_10
                0x000004ce                __vector_50
                0x000004ce                __vector_16
                0x000004ce                __vector_59
                0x000004ce                __vector_18
                0x000004ce                __vector_97
                0x000004ce                __vector_20
                0x000004ce                __vector_42
                0x000004ce                __vector_87
                0x000004ce                __vector_65
                0x000004ce                __vector_120
                0x000004d0                . = ALIGN (0x2)
 *(.text.*)
 .text.__portable_avr_delay_cycles
                0x000004d0       0x16 src/ASF/common/components/display/st7565r/st7565r.o
 .text.st7565r_init
                0x000004e6      0x388 src/ASF/common/components/display/st7565r/st7565r.o
                0x000004e6                st7565r_init
 .text.gfx_mono_st7565r_put_byte
                0x0000086e      0x14e src/ASF/common/services/gfx_mono/gfx_mono_c12832_a1z.o
                0x0000086e                gfx_mono_st7565r_put_byte
 .text.gfx_mono_st7565r_init
                0x000009bc       0x84 src/ASF/common/services/gfx_mono/gfx_mono_c12832_a1z.o
                0x000009bc                gfx_mono_st7565r_init
 .text.gfx_mono_st7565r_draw_pixel
                0x00000a40       0x6c src/ASF/common/services/gfx_mono/gfx_mono_c12832_a1z.o
                0x00000a40                gfx_mono_st7565r_draw_pixel
 .text.gfx_mono_st7565r_get_byte
                0x00000aac        0x4 src/ASF/common/services/gfx_mono/gfx_mono_c12832_a1z.o
                0x00000aac                gfx_mono_st7565r_get_byte
 .text.usart_spi_set_baudrate
                0x00000ab0       0x62 src/ASF/xmega/drivers/usart/usart.o
                0x00000ab0                usart_spi_set_baudrate
 .text.usart_init_spi
                0x00000b12      0x3c8 src/ASF/xmega/drivers/usart/usart.o
                0x00000b12                usart_init_spi
 .text.usart_spi_init
                0x00000eda       0x5e src/ASF/common/services/spi/xmega_usart_spi/usart_spi.o
                0x00000eda                usart_spi_init
 .text.usart_spi_setup_device
                0x00000f38       0x34 src/ASF/common/services/spi/xmega_usart_spi/usart_spi.o
                0x00000f38                usart_spi_setup_device
 .text.usart_spi_select_device
                0x00000f6c       0x2c src/ASF/common/services/spi/xmega_usart_spi/usart_spi.o
                0x00000f6c                usart_spi_select_device
 .text.usart_spi_deselect_device
                0x00000f98       0x2c src/ASF/common/services/spi/xmega_usart_spi/usart_spi.o
                0x00000f98                usart_spi_deselect_device
 .text.gfx_mono_set_framebuffer
                0x00000fc4        0xa src/ASF/common/services/gfx_mono/gfx_mono_framebuffer.o
                0x00000fc4                gfx_mono_set_framebuffer
 .text.gfx_mono_framebuffer_put_byte
                0x00000fce       0x1c src/ASF/common/services/gfx_mono/gfx_mono_framebuffer.o
                0x00000fce                gfx_mono_framebuffer_put_byte
 .text.gfx_mono_framebuffer_get_byte
                0x00000fea       0x1c src/ASF/common/services/gfx_mono/gfx_mono_framebuffer.o
                0x00000fea                gfx_mono_framebuffer_get_byte
 .text.gfx_mono_generic_draw_horizontal_line
                0x00001006       0xc4 src/ASF/common/services/gfx_mono/gfx_mono_generic.o
                0x00001006                gfx_mono_generic_draw_horizontal_line
 .text.gfx_mono_generic_draw_filled_rect
                0x000010ca       0x34 src/ASF/common/services/gfx_mono/gfx_mono_generic.o
                0x000010ca                gfx_mono_generic_draw_filled_rect
 .text.sysclk_enable_module
                0x000010fe       0x2c src/ASF/common/services/clock/xmega/sysclk.o
                0x000010fe                sysclk_enable_module
 .text.gfx_mono_draw_char
                0x0000112a       0xba src/ASF/common/services/gfx_mono/gfx_mono_text.o
                0x0000112a                gfx_mono_draw_char
 .text.gfx_mono_draw_string
                0x000011e4       0x52 src/ASF/common/services/gfx_mono/gfx_mono_text.o
                0x000011e4                gfx_mono_draw_string
 .text.ioport_configure_port_pin
                0x00001236       0x4e src/ASF/common/services/ioport/xmega/ioport_compat.o
                0x00001236                ioport_configure_port_pin
 .text.board_init
                0x00001284      0x13a src/ASF/xmega/boards/xmega_a3bu_xplained/init.o
                0x00001284                board_init
 .text.__portable_avr_delay_cycles
                0x000013be       0x16 src/main.o
 .text.main     0x000013d4      0x1ca src/main.o
                0x000013d4                main
 .text.libgcc.div
                0x0000159e       0x26 c:/program files (x86)/atmel/studio/7.0/toolchain/avr8/avr8-gnu-toolchain/bin/../lib/gcc/avr/5.4.0/avrxmega6\libgcc.a(_divmodhi4.o)
                0x0000159e                _div
                0x0000159e                __divmodhi4
 .text.libgcc.div
                0x000015c4       0x44 c:/program files (x86)/atmel/studio/7.0/toolchain/avr8/avr8-gnu-toolchain/bin/../lib/gcc/avr/5.4.0/avrxmega6\libgcc.a(_udivmodsi4.o)
                0x000015c4                __udivmodsi4
 .text.libgcc   0x00001608       0x18 c:/program files (x86)/atmel/studio/7.0/toolchain/avr8/avr8-gnu-toolchain/bin/../lib/gcc/avr/5.4.0/avrxmega6\libgcc.a(_adddi3_s8.o)
                0x00001608                __adddi3_s8
 .text.libgcc   0x00001620       0x18 c:/program files (x86)/atmel/studio/7.0/toolchain/avr8/avr8-gnu-toolchain/bin/../lib/gcc/avr/5.4.0/avrxmega6\libgcc.a(_cmpdi2_s8.o)
                0x00001620                __cmpdi2_s8
 .text.libgcc.div
                0x00001638       0x28 c:/program files (x86)/atmel/studio/7.0/toolchain/avr8/avr8-gnu-toolchain/bin/../lib/gcc/avr/5.4.0/avrxmega6\libgcc.a(_udivmodhi4.o)
                0x00001638                __udivmodhi4
 .text.avr-libc
                0x00001660       0x6c c:/program files (x86)/atmel/studio/7.0/toolchain/avr8/avr8-gnu-toolchain/bin/../lib/gcc/avr/5.4.0/../../../../avr/lib/avrxmega6\libc.a(snprintf.o)
                0x00001660                snprintf
 .text.avr-libc
                0x000016cc      0x3ee c:/program files (x86)/atmel/studio/7.0/toolchain/avr8/avr8-gnu-toolchain/bin/../lib/gcc/avr/5.4.0/../../../../avr/lib/avrxmega6\libc.a(vfprintf_std.o)
                0x000016cc                vfprintf
 .text.avr-libc
                0x00001aba       0x16 c:/program files (x86)/atmel/studio/7.0/toolchain/avr8/avr8-gnu-toolchain/bin/../lib/gcc/avr/5.4.0/../../../../avr/lib/avrxmega6\libc.a(strnlen_P.o)
                0x00001aba                strnlen_P
 .text.avr-libc
                0x00001ad0       0x16 c:/program files (x86)/atmel/studio/7.0/toolchain/avr8/avr8-gnu-toolchain/bin/../lib/gcc/avr/5.4.0/../../../../avr/lib/avrxmega6\libc.a(strnlen.o)
                0x00001ad0                strnlen
 .text.avr-libc
                0x00001ae6       0x78 c:/program files (x86)/atmel/studio/7.0/toolchain/avr8/avr8-gnu-toolchain/bin/../lib/gcc/avr/5.4.0/../../../../avr/lib/avrxmega6\libc.a(fputc.o)
                0x00001ae6                fputc
 .text.avr-libc
                0x00001b5e       0xbc c:/program files (x86)/atmel/studio/7.0/toolchain/avr8/avr8-gnu-toolchain/bin/../lib/gcc/avr/5.4.0/../../../../avr/lib/avrxmega6\libc.a(ultoa_invert.o)
                0x00001b5e                __ultoa_invert
                0x00001c1a                . = ALIGN (0x2)
 *(.fini9)
 .fini9         0x00001c1a        0x0 c:/program files (x86)/atmel/studio/7.0/toolchain/avr8/avr8-gnu-toolchain/bin/../lib/gcc/avr/5.4.0/avrxmega6\libgcc.a(_exit.o)
                0x00001c1a                _exit
                0x00001c1a                exit
 *(.fini9)
 *(.fini8)
 *(.fini8)
 *(.fini7)
 *(.fini7)
 *(.fini6)
 *(.fini6)
 *(.fini5)
 *(.fini5)
 *(.fini4)
 *(.fini4)
 *(.fini3)
 *(.fini3)
 *(.fini2)
 *(.fini2)
 *(.fini1)
 *(.fini1)
 *(.fini0)
 .fini0         0x00001c1a        0x4 c:/program files (x86)/atmel/studio/7.0/toolchain/avr8/avr8-gnu-toolchain/bin/../lib/gcc/avr/5.4.0/avrxmega6\libgcc.a(_exit.o)
 *(.fini0)
                0x00001c1e                _etext = .

.data           0x00802000       0x60 load address 0x00001c1e
                0x00802000                PROVIDE (__data_start, .)
 *(.data)
 *(.data*)
 .data.sysfont  0x00802000        0x7 src/ASF/common/services/gfx_mono/sysfont.o
                0x00802000                sysfont
 *(.gnu.linkonce.d*)
 *(.rodata)
 *(.rodata*)
 .rodata.str1.1
                0x00802007       0x58 src/main.o
 *(.gnu.linkonce.r*)
                0x00802060                . = ALIGN (0x2)
 *fill*         0x0080205f        0x1 
                0x00802060                _edata = .
                0x00802060                PROVIDE (__data_end, .)

.bss            0x00802060      0x282
                0x00802060                PROVIDE (__bss_start, .)
 *(.bss)
 *(.bss*)
 .bss.framebuffer
                0x00802060      0x200 src/ASF/common/services/gfx_mono/gfx_mono_c12832_a1z.o
 .bss.fbpointer
                0x00802260        0x2 src/ASF/common/services/gfx_mono/gfx_mono_framebuffer.o
 .bss.strbuf    0x00802262       0x80 src/main.o
 *(COMMON)
                0x008022e2                PROVIDE (__bss_end, .)
                0x00001c1e                __data_load_start = LOADADDR (.data)
                0x00001c7e                __data_load_end = (__data_load_start + SIZEOF (.data))

.noinit         0x008022e2        0x0
                [!provide]                PROVIDE (__noinit_start, .)
 *(.noinit*)
                [!provide]                PROVIDE (__noinit_end, .)
                0x008022e2                _end = .
                [!provide]                PROVIDE (__heap_start, .)

.eeprom         0x00810000        0x0
 *(.eeprom*)
                0x00810000                __eeprom_end = .

.fuse
 *(.fuse)
 *(.lfuse)
 *(.hfuse)
 *(.efuse)

.lock
 *(.lock*)

.signature
 *(.signature*)

.user_signatures
 *(.user_signatures*)

.stab
 *(.stab)

.stabstr
 *(.stabstr)

.stab.excl
 *(.stab.excl)

.stab.exclstr
 *(.stab.exclstr)

.stab.index
 *(.stab.index)

.stab.indexstr
 *(.stab.indexstr)

.comment        0x00000000       0x5c
 *(.comment)
 .comment       0x00000000       0x30 src/ASF/common/components/display/st7565r/st7565r.o
                                 0x31 (size before relaxing)
 .comment       0x00000030       0x31 src/ASF/common/services/gfx_mono/gfx_mono_c12832_a1z.o
 .comment       0x00000030       0x31 src/ASF/xmega/drivers/usart/usart.o
 .comment       0x00000030       0x31 src/ASF/common/services/spi/xmega_usart_spi/usart_spi.o
 .comment       0x00000030       0x31 src/ASF/common/services/gfx_mono/gfx_mono_framebuffer.o
 .comment       0x00000030       0x31 src/ASF/common/services/gfx_mono/gfx_mono_generic.o
 .comment       0x00000030       0x31 src/ASF/common/services/clock/xmega/sysclk.o
 .comment       0x00000030       0x31 src/ASF/common/services/gfx_mono/gfx_mono_text.o
 .comment       0x00000030       0x31 src/ASF/common/services/gfx_mono/sysfont.o
 .comment       0x00000030       0x31 src/ASF/common/services/ioport/xmega/ioport_compat.o
 .comment       0x00000030       0x31 src/ASF/xmega/boards/xmega_a3bu_xplained/init.o
 .comment       0x00000030       0x31 src/main.o
 .comment       0x00000030       0x31 c:/program files (x86)/atmel/studio/7.0/toolchain/avr8/avr8-gnu-toolchain/bin/../lib/gcc/avr/5.4.0/../../../../avr/lib/avrxmega6\libc.a(snprintf.o)
 .comment       0x00000030       0x2c c:/program files (x86)/atmel/studio/7.0/toolchain/avr8/avr8-gnu-toolchain/bin/../lib/gcc/avr/5.4.0/../../../../avr/lib/avrxmega6\libc.a(vfprintf_std.o)
                                 0x2d (size before relaxing)
 .comment       0x0000005c       0x31 c:/program files (x86)/atmel/studio/7.0/toolchain/avr8/avr8-gnu-toolchain/bin/../lib/gcc/avr/5.4.0/../../../../avr/lib/avrxmega6\libc.a(fputc.o)

.note.gnu.avr.deviceinfo
                0x00000000       0x44
 .note.gnu.avr.deviceinfo
                0x00000000       0x44 C:/Program Files (x86)/Atmel/Studio/7.0/Packs/atmel/XMEGAA_DFP/1.2.141/gcc/dev/atxmega256a3bu/avrxmega6/crtatxmega256a3bu.o

.note.gnu.build-id
 *(.note.gnu.build-id)

.debug
 *(.debug)

.line
 *(.line)

.debug_srcinfo
 *(.debug_srcinfo)

.debug_sfnames
 *(.debug_sfnames)

.debug_aranges  0x00000000      0x2d8
 *(.debug_aranges)
 .debug_aranges
                0x00000000       0x28 src/ASF/common/components/display/st7565r/st7565r.o
 .debug_aranges
                0x00000028       0x60 src/ASF/common/services/gfx_mono/gfx_mono_c12832_a1z.o
 .debug_aranges
                0x00000088       0x58 src/ASF/xmega/drivers/usart/usart.o
 .debug_aranges
                0x000000e0       0x48 src/ASF/common/services/spi/xmega_usart_spi/usart_spi.o
 .debug_aranges
                0x00000128       0x58 src/ASF/common/services/gfx_mono/gfx_mono_framebuffer.o
 .debug_aranges
                0x00000180       0x58 src/ASF/common/services/gfx_mono/gfx_mono_generic.o
 .debug_aranges
                0x000001d8       0x40 src/ASF/common/services/clock/xmega/sysclk.o
 .debug_aranges
                0x00000218       0x40 src/ASF/common/services/gfx_mono/gfx_mono_text.o
 .debug_aranges
                0x00000258       0x18 src/ASF/common/services/gfx_mono/sysfont.o
 .debug_aranges
                0x00000270       0x20 src/ASF/common/services/ioport/xmega/ioport_compat.o
 .debug_aranges
                0x00000290       0x20 src/ASF/xmega/boards/xmega_a3bu_xplained/init.o
 .debug_aranges
                0x000002b0       0x28 src/main.o

.debug_pubnames
 *(.debug_pubnames)

.debug_info     0x00000000     0xd698
 *(.debug_info .gnu.linkonce.wi.*)
 .debug_info    0x00000000     0x3379 C:/Program Files (x86)/Atmel/Studio/7.0/Packs/atmel/XMEGAA_DFP/1.2.141/gcc/dev/atxmega256a3bu/avrxmega6/crtatxmega256a3bu.o
 .debug_info    0x00003379     0x1964 src/ASF/common/components/display/st7565r/st7565r.o
 .debug_info    0x00004cdd     0x1e01 src/ASF/common/services/gfx_mono/gfx_mono_c12832_a1z.o
 .debug_info    0x00006ade     0x2933 src/ASF/xmega/drivers/usart/usart.o
 .debug_info    0x00009411      0xb9d src/ASF/common/services/spi/xmega_usart_spi/usart_spi.o
 .debug_info    0x00009fae      0x487 src/ASF/common/services/gfx_mono/gfx_mono_framebuffer.o
 .debug_info    0x0000a435      0xc0a src/ASF/common/services/gfx_mono/gfx_mono_generic.o
 .debug_info    0x0000b03f      0x71c src/ASF/common/services/clock/xmega/sysclk.o
 .debug_info    0x0000b75b      0x715 src/ASF/common/services/gfx_mono/gfx_mono_text.o
 .debug_info    0x0000be70      0x1af src/ASF/common/services/gfx_mono/sysfont.o
 .debug_info    0x0000c01f      0x121 src/ASF/common/services/ioport/xmega/ioport_compat.o
 .debug_info    0x0000c140      0xb05 src/ASF/xmega/boards/xmega_a3bu_xplained/init.o
 .debug_info    0x0000cc45      0xa53 src/main.o

.debug_abbrev   0x00000000     0x4aa0
 *(.debug_abbrev)
 .debug_abbrev  0x00000000     0x30c4 C:/Program Files (x86)/Atmel/Studio/7.0/Packs/atmel/XMEGAA_DFP/1.2.141/gcc/dev/atxmega256a3bu/avrxmega6/crtatxmega256a3bu.o
 .debug_abbrev  0x000030c4      0x2a0 src/ASF/common/components/display/st7565r/st7565r.o
 .debug_abbrev  0x00003364      0x385 src/ASF/common/services/gfx_mono/gfx_mono_c12832_a1z.o
 .debug_abbrev  0x000036e9      0x3f5 src/ASF/xmega/drivers/usart/usart.o
 .debug_abbrev  0x00003ade      0x2d8 src/ASF/common/services/spi/xmega_usart_spi/usart_spi.o
 .debug_abbrev  0x00003db6      0x174 src/ASF/common/services/gfx_mono/gfx_mono_framebuffer.o
 .debug_abbrev  0x00003f2a      0x1ac src/ASF/common/services/gfx_mono/gfx_mono_generic.o
 .debug_abbrev  0x000040d6      0x218 src/ASF/common/services/clock/xmega/sysclk.o
 .debug_abbrev  0x000042ee      0x22b src/ASF/common/services/gfx_mono/gfx_mono_text.o
 .debug_abbrev  0x00004519       0xe2 src/ASF/common/services/gfx_mono/sysfont.o
 .debug_abbrev  0x000045fb       0x95 src/ASF/common/services/ioport/xmega/ioport_compat.o
 .debug_abbrev  0x00004690      0x15c src/ASF/xmega/boards/xmega_a3bu_xplained/init.o
 .debug_abbrev  0x000047ec      0x2b4 src/main.o

.debug_line     0x00000000     0x7121
 *(.debug_line .debug_line.* .debug_line_end)
 .debug_line    0x00000000      0x39d C:/Program Files (x86)/Atmel/Studio/7.0/Packs/atmel/XMEGAA_DFP/1.2.141/gcc/dev/atxmega256a3bu/avrxmega6/crtatxmega256a3bu.o
 .debug_line    0x0000039d      0xac4 src/ASF/common/components/display/st7565r/st7565r.o
 .debug_line    0x00000e61      0xda8 src/ASF/common/services/gfx_mono/gfx_mono_c12832_a1z.o
 .debug_line    0x00001c09      0xc9e src/ASF/xmega/drivers/usart/usart.o
 .debug_line    0x000028a7      0x7d7 src/ASF/common/services/spi/xmega_usart_spi/usart_spi.o
 .debug_line    0x0000307e      0x919 src/ASF/common/services/gfx_mono/gfx_mono_framebuffer.o
 .debug_line    0x00003997      0xc05 src/ASF/common/services/gfx_mono/gfx_mono_generic.o
 .debug_line    0x0000459c      0x631 src/ASF/common/services/clock/xmega/sysclk.o
 .debug_line    0x00004bcd      0x9a3 src/ASF/common/services/gfx_mono/gfx_mono_text.o
 .debug_line    0x00005570      0x7c3 src/ASF/common/services/gfx_mono/sysfont.o
 .debug_line    0x00005d33      0x4b5 src/ASF/common/services/ioport/xmega/ioport_compat.o
 .debug_line    0x000061e8      0x4e0 src/ASF/xmega/boards/xmega_a3bu_xplained/init.o
 .debug_line    0x000066c8      0xa59 src/main.o

.debug_frame    0x00000000      0x928
 *(.debug_frame)
 .debug_frame   0x00000000       0x68 src/ASF/common/components/display/st7565r/st7565r.o
 .debug_frame   0x00000068      0x1b4 src/ASF/common/services/gfx_mono/gfx_mono_c12832_a1z.o
 .debug_frame   0x0000021c      0x14c src/ASF/xmega/drivers/usart/usart.o
 .debug_frame   0x00000368       0x90 src/ASF/common/services/spi/xmega_usart_spi/usart_spi.o
 .debug_frame   0x000003f8       0xd0 src/ASF/common/services/gfx_mono/gfx_mono_framebuffer.o
 .debug_frame   0x000004c8      0x214 src/ASF/common/services/gfx_mono/gfx_mono_generic.o
 .debug_frame   0x000006dc       0x94 src/ASF/common/services/clock/xmega/sysclk.o
 .debug_frame   0x00000770      0x100 src/ASF/common/services/gfx_mono/gfx_mono_text.o
 .debug_frame   0x00000870       0x30 src/ASF/common/services/ioport/xmega/ioport_compat.o
 .debug_frame   0x000008a0       0x24 src/ASF/xmega/boards/xmega_a3bu_xplained/init.o
 .debug_frame   0x000008c4       0x64 src/main.o

.debug_str      0x00000000    0x326fb
 *(.debug_str)
 .debug_str     0x00000000     0x21e4 C:/Program Files (x86)/Atmel/Studio/7.0/Packs/atmel/XMEGAA_DFP/1.2.141/gcc/dev/atxmega256a3bu/avrxmega6/crtatxmega256a3bu.o
 .debug_str     0x000021e4    0x2c855 src/ASF/common/components/display/st7565r/st7565r.o
                              0x2d0aa (size before relaxing)
 .debug_str     0x0002ea39      0xc05 src/ASF/common/services/gfx_mono/gfx_mono_c12832_a1z.o
                              0x2d9ab (size before relaxing)
 .debug_str     0x0002f63e      0xaf4 src/ASF/xmega/drivers/usart/usart.o
                              0x2cfa1 (size before relaxing)
 .debug_str     0x00030132       0x87 src/ASF/common/services/spi/xmega_usart_spi/usart_spi.o
                              0x2c67f (size before relaxing)
 .debug_str     0x000301b9       0xba src/ASF/common/services/gfx_mono/gfx_mono_framebuffer.o
                              0x2d5da (size before relaxing)
 .debug_str     0x00030273      0x213 src/ASF/common/services/gfx_mono/gfx_mono_generic.o
                              0x2d71d (size before relaxing)
 .debug_str     0x00030486      0x2f9 src/ASF/common/services/clock/xmega/sysclk.o
                              0x2be9d (size before relaxing)
 .debug_str     0x0003077f      0x233 src/ASF/common/services/gfx_mono/gfx_mono_text.o
                              0x2d6b1 (size before relaxing)
 .debug_str     0x000309b2     0x10b0 src/ASF/common/services/gfx_mono/sysfont.o
                              0x2e50e (size before relaxing)
 .debug_str     0x00031a62       0x77 src/ASF/common/services/ioport/xmega/ioport_compat.o
                              0x29b24 (size before relaxing)
 .debug_str     0x00031ad9       0xf7 src/ASF/xmega/boards/xmega_a3bu_xplained/init.o
                              0x2b7c5 (size before relaxing)
 .debug_str     0x00031bd0      0xb2b src/main.o
                              0x2f50b (size before relaxing)

.debug_loc      0x00000000     0x587f
 *(.debug_loc)
 .debug_loc     0x00000000      0x7c9 src/ASF/common/components/display/st7565r/st7565r.o
 .debug_loc     0x000007c9     0x1382 src/ASF/common/services/gfx_mono/gfx_mono_c12832_a1z.o
 .debug_loc     0x00001b4b      0xe14 src/ASF/xmega/drivers/usart/usart.o
 .debug_loc     0x0000295f      0x56c src/ASF/common/services/spi/xmega_usart_spi/usart_spi.o
 .debug_loc     0x00002ecb      0x61c src/ASF/common/services/gfx_mono/gfx_mono_framebuffer.o
 .debug_loc     0x000034e7     0x11c5 src/ASF/common/services/gfx_mono/gfx_mono_generic.o
 .debug_loc     0x000046ac      0x2c5 src/ASF/common/services/clock/xmega/sysclk.o
 .debug_loc     0x00004971      0x9a2 src/ASF/common/services/gfx_mono/gfx_mono_text.o
 .debug_loc     0x00005313       0x66 src/ASF/common/services/ioport/xmega/ioport_compat.o
 .debug_loc     0x00005379      0x3fa src/ASF/xmega/boards/xmega_a3bu_xplained/init.o
 .debug_loc     0x00005773      0x10c src/main.o

.debug_macinfo
 *(.debug_macinfo)

.debug_weaknames
 *(.debug_weaknames)

.debug_funcnames
 *(.debug_funcnames)

.debug_typenames
 *(.debug_typenames)

.debug_varnames
 *(.debug_varnames)

.debug_pubtypes
 *(.debug_pubtypes)

.debug_ranges   0x00000000      0x458
 *(.debug_ranges)
 .debug_ranges  0x00000000       0x18 src/ASF/common/components/display/st7565r/st7565r.o
 .debug_ranges  0x00000018      0x188 src/ASF/common/services/gfx_mono/gfx_mono_c12832_a1z.o
 .debug_ranges  0x000001a0       0x80 src/ASF/xmega/drivers/usart/usart.o
 .debug_ranges  0x00000220       0x98 src/ASF/common/services/spi/xmega_usart_spi/usart_spi.o
 .debug_ranges  0x000002b8       0x48 src/ASF/common/services/gfx_mono/gfx_mono_framebuffer.o
 .debug_ranges  0x00000300       0x48 src/ASF/common/services/gfx_mono/gfx_mono_generic.o
 .debug_ranges  0x00000348       0x30 src/ASF/common/services/clock/xmega/sysclk.o
 .debug_ranges  0x00000378       0x30 src/ASF/common/services/gfx_mono/gfx_mono_text.o
 .debug_ranges  0x000003a8       0x10 src/ASF/common/services/ioport/xmega/ioport_compat.o
 .debug_ranges  0x000003b8       0x10 src/ASF/xmega/boards/xmega_a3bu_xplained/init.o
 .debug_ranges  0x000003c8       0x90 src/main.o

.debug_macro    0x00000000     0xbeaa
 *(.debug_macro)
 .debug_macro   0x00000000      0x276 src/ASF/common/components/display/st7565r/st7565r.o
 .debug_macro   0x00000276      0xa9c src/ASF/common/components/display/st7565r/st7565r.o
 .debug_macro   0x00000d12       0x10 src/ASF/common/components/display/st7565r/st7565r.o
 .debug_macro   0x00000d22      0x1c9 src/ASF/common/components/display/st7565r/st7565r.o
 .debug_macro   0x00000eeb      0x2fc src/ASF/common/components/display/st7565r/st7565r.o
 .debug_macro   0x000011e7       0x9e src/ASF/common/components/display/st7565r/st7565r.o
 .debug_macro   0x00001285     0x62b7 src/ASF/common/components/display/st7565r/st7565r.o
 .debug_macro   0x0000753c       0x9a src/ASF/common/components/display/st7565r/st7565r.o
 .debug_macro   0x000075d6       0xf1 src/ASF/common/components/display/st7565r/st7565r.o
 .debug_macro   0x000076c7       0x34 src/ASF/common/components/display/st7565r/st7565r.o
 .debug_macro   0x000076fb       0x16 src/ASF/common/components/display/st7565r/st7565r.o
 .debug_macro   0x00007711       0x18 src/ASF/common/components/display/st7565r/st7565r.o
 .debug_macro   0x00007729       0x5e src/ASF/common/components/display/st7565r/st7565r.o
 .debug_macro   0x00007787       0x10 src/ASF/common/components/display/st7565r/st7565r.o
 .debug_macro   0x00007797       0x22 src/ASF/common/components/display/st7565r/st7565r.o
 .debug_macro   0x000077b9      0x16d src/ASF/common/components/display/st7565r/st7565r.o
 .debug_macro   0x00007926       0x1c src/ASF/common/components/display/st7565r/st7565r.o
 .debug_macro   0x00007942       0x35 src/ASF/common/components/display/st7565r/st7565r.o
 .debug_macro   0x00007977       0x66 src/ASF/common/components/display/st7565r/st7565r.o
 .debug_macro   0x000079dd      0x71d src/ASF/common/components/display/st7565r/st7565r.o
 .debug_macro   0x000080fa       0x96 src/ASF/common/components/display/st7565r/st7565r.o
 .debug_macro   0x00008190       0x17 src/ASF/common/components/display/st7565r/st7565r.o
 .debug_macro   0x000081a7      0x250 src/ASF/common/components/display/st7565r/st7565r.o
 .debug_macro   0x000083f7       0x76 src/ASF/common/components/display/st7565r/st7565r.o
 .debug_macro   0x0000846d       0x16 src/ASF/common/components/display/st7565r/st7565r.o
 .debug_macro   0x00008483      0x6d9 src/ASF/common/components/display/st7565r/st7565r.o
 .debug_macro   0x00008b5c       0x10 src/ASF/common/components/display/st7565r/st7565r.o
 .debug_macro   0x00008b6c      0x175 src/ASF/common/components/display/st7565r/st7565r.o
 .debug_macro   0x00008ce1       0x40 src/ASF/common/components/display/st7565r/st7565r.o
 .debug_macro   0x00008d21       0x69 src/ASF/common/components/display/st7565r/st7565r.o
 .debug_macro   0x00008d8a       0x31 src/ASF/common/components/display/st7565r/st7565r.o
 .debug_macro   0x00008dbb       0xe4 src/ASF/common/components/display/st7565r/st7565r.o
 .debug_macro   0x00008e9f       0x22 src/ASF/common/components/display/st7565r/st7565r.o
 .debug_macro   0x00008ec1      0x2df src/ASF/common/components/display/st7565r/st7565r.o
 .debug_macro   0x000091a0      0x2ff src/ASF/common/components/display/st7565r/st7565r.o
 .debug_macro   0x0000949f       0x79 src/ASF/common/components/display/st7565r/st7565r.o
 .debug_macro   0x00009518       0x2f src/ASF/common/components/display/st7565r/st7565r.o
 .debug_macro   0x00009547      0x154 src/ASF/common/components/display/st7565r/st7565r.o
 .debug_macro   0x0000969b       0x82 src/ASF/common/components/display/st7565r/st7565r.o
 .debug_macro   0x0000971d      0x102 src/ASF/common/components/display/st7565r/st7565r.o
 .debug_macro   0x0000981f       0x28 src/ASF/common/components/display/st7565r/st7565r.o
 .debug_macro   0x00009847       0x22 src/ASF/common/components/display/st7565r/st7565r.o
 .debug_macro   0x00009869       0x3a src/ASF/common/components/display/st7565r/st7565r.o
 .debug_macro   0x000098a3       0xf6 src/ASF/common/components/display/st7565r/st7565r.o
 .debug_macro   0x00009999       0x34 src/ASF/common/components/display/st7565r/st7565r.o
 .debug_macro   0x000099cd       0x2e src/ASF/common/components/display/st7565r/st7565r.o
 .debug_macro   0x000099fb      0x2ba src/ASF/common/services/gfx_mono/gfx_mono_c12832_a1z.o
 .debug_macro   0x00009cb5       0x75 src/ASF/common/services/gfx_mono/gfx_mono_c12832_a1z.o
 .debug_macro   0x00009d2a       0x88 src/ASF/common/services/gfx_mono/gfx_mono_c12832_a1z.o
 .debug_macro   0x00009db2      0x221 src/ASF/xmega/drivers/usart/usart.o
 .debug_macro   0x00009fd3      0x302 src/ASF/xmega/drivers/usart/usart.o
 .debug_macro   0x0000a2d5      0x234 src/ASF/common/services/spi/xmega_usart_spi/usart_spi.o
 .debug_macro   0x0000a509      0x2ae src/ASF/common/services/gfx_mono/gfx_mono_framebuffer.o
 .debug_macro   0x0000a7b7      0x2ae src/ASF/common/services/gfx_mono/gfx_mono_generic.o
 .debug_macro   0x0000aa65      0x1db src/ASF/common/services/clock/xmega/sysclk.o
 .debug_macro   0x0000ac40       0x26 src/ASF/common/services/clock/xmega/sysclk.o
 .debug_macro   0x0000ac66      0x2d5 src/ASF/common/services/gfx_mono/gfx_mono_text.o
 .debug_macro   0x0000af3b       0xaa src/ASF/common/services/gfx_mono/gfx_mono_text.o
 .debug_macro   0x0000afe5      0x2db src/ASF/common/services/gfx_mono/sysfont.o
 .debug_macro   0x0000b2c0       0x3a src/ASF/common/services/gfx_mono/sysfont.o
 .debug_macro   0x0000b2fa      0x193 src/ASF/common/services/ioport/xmega/ioport_compat.o
 .debug_macro   0x0000b48d      0x1b5 src/ASF/xmega/boards/xmega_a3bu_xplained/init.o
 .debug_macro   0x0000b642       0x2e src/ASF/xmega/boards/xmega_a3bu_xplained/init.o
 .debug_macro   0x0000b670      0x2d9 src/ASF/xmega/boards/xmega_a3bu_xplained/init.o
 .debug_macro   0x0000b949      0x35b src/main.o
 .debug_macro   0x0000bca4       0x34 src/main.o
 .debug_macro   0x0000bcd8       0x16 src/main.o
 .debug_macro   0x0000bcee       0x46 src/main.o
 .debug_macro   0x0000bd34       0x1c src/main.o
 .debug_macro   0x0000bd50       0x58 src/main.o
 .debug_macro   0x0000bda8       0x10 src/main.o
 .debug_macro   0x0000bdb8       0xf2 src/main.o
OUTPUT(Lab1_Embsys.elf elf32-avr)
LOAD linker stubs

.BOOT           0x00040000        0x0
